// Jest Snapshot v1, https://goo.gl/fbAQLP

exports[`matches bar chart snapshot 1`] = `
<canvas
  height={280}
  role="img"
  width={300}
/>
`;
